// Jest Snapshot v1, https://goo.gl/fbAQLP

exports[`works with store observing 1`] = `
<div>
  0
</div>
`;

exports[`works with store observing 2`] = `
<div>
  10
</div>
`;
